#0 building with "desktop-linux" instance using docker driver

#1 [internal] load build definition from Dockerfile
#1 transferring dockerfile: 1.37kB done
#1 DONE 0.0s

#2 [internal] load metadata for docker.io/library/node:24-bookworm-slim
#2 DONE 1.5s

#3 [internal] load metadata for docker.io/nginxinc/nginx-unprivileged:1.28-alpine
#3 DONE 1.9s

#4 [internal] load .dockerignore
#4 transferring context: 462B done
#4 DONE 0.0s

#5 [web-build 1/6] FROM docker.io/library/node:24-bookworm-slim@sha256:0e0ff40c39bc087845bfb27465a0df4ea419520094bc35842ff83dd8cbe6f9b6
#5 resolve docker.io/library/node:24-bookworm-slim@sha256:0e0ff40c39bc087845bfb27465a0df4ea419520094bc35842ff83dd8cbe6f9b6 0.0s done
#5 DONE 0.0s

#6 [web 1/3] FROM docker.io/nginxinc/nginx-unprivileged:1.28-alpine@sha256:7377697a821c131a924a7105fafbe7414db4e9fcc77a6f08f776f33f141ec3f8
#6 resolve docker.io/nginxinc/nginx-unprivileged:1.28-alpine@sha256:7377697a821c131a924a7105fafbe7414db4e9fcc77a6f08f776f33f141ec3f8 0.0s done
#6 DONE 0.0s

#7 [internal] load build context
#7 transferring context: 236.02kB done
#7 DONE 0.0s

#8 [web 2/3] COPY deploy/nginx.conf /etc/nginx/conf.d/default.conf
#8 CACHED

#9 [web-build 2/6] WORKDIR /web
#9 CACHED

#10 [web-build 3/6] COPY frontend/package.json frontend/package-lock.json ./
#10 CACHED

#11 [web-build 4/6] RUN npm ci
#11 6.868 
#11 6.868 added 33 packages, and audited 34 packages in 7s
#11 6.868 
#11 6.868 10 packages are looking for funding
#11 6.868   run `npm fund` for details
#11 6.869 
#11 6.869 found 0 vulnerabilities
#11 6.870 npm notice
#11 6.870 npm notice New major version of npm available! 11.19.0 -> 12.0.2
#11 6.870 npm notice Changelog: https://github.com/npm/cli/releases/tag/v12.0.2
#11 6.870 npm notice To update run: npm install -g npm@12.0.2
#11 6.870 npm notice
#11 DONE 8.0s

#12 [web-build 5/6] COPY frontend/ ./
#12 DONE 0.1s

#13 [web-build 6/6] RUN npm run build
#13 0.210 
#13 0.210 > frontend@0.0.0 build
#13 0.210 > tsc -b && vite build
#13 0.210 
#13 2.376 vite v8.2.2 building client environment for production...
#13 2.381 transforming...
#13 2.414 ✓ 23 modules transformed.
#13 2.436 rendering chunks...
#13 2.455 computing gzip size...
#13 2.458 dist/index.html                   0.47 kB │ gzip:  0.32 kB
#13 2.458 dist/assets/index-3zy122NZ.css    8.37 kB │ gzip:  2.54 kB
#13 2.458 dist/assets/index-B-gKSAmC.js   223.27 kB │ gzip: 69.23 kB
#13 2.458 
#13 2.458 ✓ built in 81ms
#13 DONE 2.5s

#14 [web 3/3] COPY --from=web-build /web/dist/ /usr/share/nginx/html/
#14 DONE 0.0s

#15 exporting to image
#15 exporting layers 0.0s done
#15 exporting manifest sha256:13debe2b39949949d84b1a92d52f455da1ed9893bf6617dc674f9a56ff19694f done
#15 exporting config sha256:85d1d1a66369e4ee6fe9e1f65d6d7af346667176dfa06cbeae1de549e5d9555c done
#15 exporting attestation manifest sha256:f31d5758205f37dd071765cfbceb9de1a8ca00868c9306010929c8eac6ee90c9 0.0s done
#15 exporting manifest list sha256:76f4e3b822048047a09b80f1b3851f336990f3b5a7043baf09be038af6344fc9 done
#15 naming to docker.io/library/findoc-web:local done
#15 unpacking to docker.io/library/findoc-web:local 0.0s done
#15 DONE 0.1s

View build details: docker-desktop://dashboard/build/desktop-linux/desktop-linux/dtax9evanmhkt61w0ieavrkxl
